2914 10967 29545 41726 67187 70401 71762 77013 81872 82331 83458 88213
